-- The C compiler identification is GNU 13.3.0
-- The CXX compiler identification is GNU 13.3.0
-- Detecting C compiler ABI info
-- Detecting C compiler ABI info - done
-- Check for working C compiler: /usr/bin/cc - skipped
-- Detecting C compile features
-- Detecting C compile features - done
-- Detecting CXX compiler ABI info
-- Detecting CXX compiler ABI info - done
-- Check for working CXX compiler: /usr/bin/c++ - skipped
-- Detecting CXX compile features
-- Detecting CXX compile features - done
-- Found ament_cmake: 2.5.6 (/opt/ros/jazzy/share/ament_cmake/cmake)
-- Found Python3: /usr/bin/python3 (found version "3.12.3") found components: Interpreter 
-- Override CMake install command with custom implementation using symlinks instead of copying resources
-- Found rosidl_default_generators: 1.6.0 (/opt/ros/jazzy/share/rosidl_default_generators/cmake)
-- Using all available rosidl_typesupport_c: rosidl_typesupport_fastrtps_c;rosidl_typesupport_introspection_c
-- Using all available rosidl_typesupport_cpp: rosidl_typesupport_fastrtps_cpp;rosidl_typesupport_introspection_cpp
-- Found rosidl_adapter: 4.6.7 (/opt/ros/jazzy/share/rosidl_adapter/cmake)
-- Found geometry_msgs: 5.3.7 (/opt/ros/jazzy/share/geometry_msgs/cmake)
-- Found action_msgs: 2.0.3 (/opt/ros/jazzy/share/action_msgs/cmake)
-- Found ament_cmake_ros: 0.12.0 (/opt/ros/jazzy/share/ament_cmake_ros/cmake)
-- Using all available rosidl_typesupport_c: rosidl_typesupport_fastrtps_c;rosidl_typesupport_introspection_c
-- Using all available rosidl_typesupport_cpp: rosidl_typesupport_fastrtps_cpp;rosidl_typesupport_introspection_cpp
-- Found python_cmake_module: 0.11.1 (/opt/ros/jazzy/share/python_cmake_module/cmake)
-- Found PythonExtra: /usr/bin/python3  
-- Found Python3: /usr/bin/python3 (found version "3.12.3") found components: Interpreter Development NumPy Development.Module Development.Embed 
-- Found Python3: /usr/bin/python3 (found version "3.12.3") found components: Interpreter 
-- Configuring done (6.4s)
-- Generating done (0.1s)
-- Build files have been written to: /home/nadslab/ros2_ws/src/drone-assembly-line/build/drone_assembly_cell
[  1%] [34m[1mGenerating type hashes for ROS interfaces[0m
[  3%] [34m[1mGenerating Rust code for ROS interfaces[0m
[  3%] Built target ament_cmake_python_symlink_drone_assembly_cell
running egg_info
creating drone_assembly_cell.egg-info
writing drone_assembly_cell.egg-info/PKG-INFO
writing dependency_links to drone_assembly_cell.egg-info/dependency_links.txt
writing top-level names to drone_assembly_cell.egg-info/top_level.txt
writing manifest file 'drone_assembly_cell.egg-info/SOURCES.txt'
[  3%] Built target drone_assembly_cell__rosidl_generator_type_description
[  5%] [34m[1mGenerating C code for ROS interfaces[0m
reading manifest file 'drone_assembly_cell.egg-info/SOURCES.txt'
writing manifest file 'drone_assembly_cell.egg-info/SOURCES.txt'
[  7%] [34m[1mGenerating C++ code for ROS interfaces[0m
[  7%] Built target ament_cmake_python_build_drone_assembly_cell_egg
[  7%] Built target drone_assembly_cell__rs
[  7%] Built target drone_assembly_cell__cpp
[  9%] [32mBuilding C object CMakeFiles/drone_assembly_cell__rosidl_generator_c.dir/rosidl_generator_c/drone_assembly_cell/action/detail/pick_part__functions.c.o[0m
[ 10%] [32mBuilding C object CMakeFiles/drone_assembly_cell__rosidl_generator_c.dir/rosidl_generator_c/drone_assembly_cell/srv/detail/move_to_station__type_support.c.o[0m
[ 12%] [32mBuilding C object CMakeFiles/drone_assembly_cell__rosidl_generator_c.dir/rosidl_generator_c/drone_assembly_cell/srv/detail/move_to_station__functions.c.o[0m
[ 14%] [32mBuilding C object CMakeFiles/drone_assembly_cell__rosidl_generator_c.dir/rosidl_generator_c/drone_assembly_cell/action/detail/pick_part__type_support.c.o[0m
[ 16%] [32mBuilding C object CMakeFiles/drone_assembly_cell__rosidl_generator_c.dir/rosidl_generator_c/drone_assembly_cell/action/detail/pick_part__description.c.o[0m
[ 18%] [32mBuilding C object CMakeFiles/drone_assembly_cell__rosidl_generator_c.dir/rosidl_generator_c/drone_assembly_cell/srv/detail/move_to_station__description.c.o[0m
[ 20%] [32mBuilding C object CMakeFiles/drone_assembly_cell__rosidl_generator_c.dir/rosidl_generator_c/drone_assembly_cell/action/detail/place_part__description.c.o[0m
[ 21%] [32mBuilding C object CMakeFiles/drone_assembly_cell__rosidl_generator_c.dir/rosidl_generator_c/drone_assembly_cell/action/detail/place_part__functions.c.o[0m
[ 23%] [32mBuilding C object CMakeFiles/drone_assembly_cell__rosidl_generator_c.dir/rosidl_generator_c/drone_assembly_cell/action/detail/place_part__type_support.c.o[0m
[ 25%] [32m[1mLinking C shared library libdrone_assembly_cell__rosidl_generator_c.so[0m
[ 25%] Built target drone_assembly_cell__rosidl_generator_c
[ 29%] [34m[1mGenerating C type support for eProsima Fast-RTPS[0m
[ 32%] [34m[1mGenerating C++ introspection for ROS interfaces[0m
[ 32%] [34m[1mGenerating C type support dispatch for ROS interfaces[0m
[ 32%] [34m[1mGenerating C introspection for ROS interfaces[0m
[ 34%] [34m[1mGenerating C++ type support for eProsima Fast-RTPS[0m
[ 36%] [34m[1mGenerating C++ type support dispatch for ROS interfaces[0m
[ 38%] [32mBuilding CXX object CMakeFiles/drone_assembly_cell__rosidl_typesupport_cpp.dir/rosidl_typesupport_cpp/drone_assembly_cell/srv/move_to_station__type_support.cpp.o[0m
[ 40%] [32mBuilding CXX object CMakeFiles/drone_assembly_cell__rosidl_typesupport_cpp.dir/rosidl_typesupport_cpp/drone_assembly_cell/action/pick_part__type_support.cpp.o[0m
[ 41%] [32mBuilding CXX object CMakeFiles/drone_assembly_cell__rosidl_typesupport_cpp.dir/rosidl_typesupport_cpp/drone_assembly_cell/action/place_part__type_support.cpp.o[0m
[ 43%] [32mBuilding CXX object CMakeFiles/drone_assembly_cell__rosidl_typesupport_c.dir/rosidl_typesupport_c/drone_assembly_cell/srv/move_to_station__type_support.cpp.o[0m
[ 45%] [32mBuilding CXX object CMakeFiles/drone_assembly_cell__rosidl_typesupport_c.dir/rosidl_typesupport_c/drone_assembly_cell/action/pick_part__type_support.cpp.o[0m
[ 47%] [32mBuilding CXX object CMakeFiles/drone_assembly_cell__rosidl_typesupport_introspection_cpp.dir/rosidl_typesupport_introspection_cpp/drone_assembly_cell/srv/detail/move_to_station__type_support.cpp.o[0m
[ 49%] [32mBuilding CXX object CMakeFiles/drone_assembly_cell__rosidl_typesupport_c.dir/rosidl_typesupport_c/drone_assembly_cell/action/place_part__type_support.cpp.o[0m
[ 50%] [32mBuilding C object CMakeFiles/drone_assembly_cell__rosidl_typesupport_introspection_c.dir/rosidl_typesupport_introspection_c/drone_assembly_cell/srv/detail/move_to_station__type_support.c.o[0m
[ 52%] [32m[1mLinking CXX shared library libdrone_assembly_cell__rosidl_typesupport_c.so[0m
[ 54%] [32mBuilding C object CMakeFiles/drone_assembly_cell__rosidl_typesupport_introspection_c.dir/rosidl_typesupport_introspection_c/drone_assembly_cell/action/detail/pick_part__type_support.c.o[0m
[ 56%] [32mBuilding C object CMakeFiles/drone_assembly_cell__rosidl_typesupport_introspection_c.dir/rosidl_typesupport_introspection_c/drone_assembly_cell/action/detail/place_part__type_support.c.o[0m
[ 58%] [32m[1mLinking C shared library libdrone_assembly_cell__rosidl_typesupport_introspection_c.so[0m
[ 58%] Built target drone_assembly_cell__rosidl_typesupport_c
[ 60%] [32mBuilding CXX object CMakeFiles/drone_assembly_cell__rosidl_typesupport_introspection_cpp.dir/rosidl_typesupport_introspection_cpp/drone_assembly_cell/action/detail/pick_part__type_support.cpp.o[0m
[ 61%] [32mBuilding CXX object CMakeFiles/drone_assembly_cell__rosidl_typesupport_fastrtps_cpp.dir/rosidl_typesupport_fastrtps_cpp/drone_assembly_cell/srv/detail/dds_fastrtps/move_to_station__type_support.cpp.o[0m
[ 63%] [32mBuilding CXX object CMakeFiles/drone_assembly_cell__rosidl_typesupport_introspection_cpp.dir/rosidl_typesupport_introspection_cpp/drone_assembly_cell/action/detail/place_part__type_support.cpp.o[0m
[ 65%] [32mBuilding CXX object CMakeFiles/drone_assembly_cell__rosidl_typesupport_fastrtps_cpp.dir/rosidl_typesupport_fastrtps_cpp/drone_assembly_cell/action/detail/dds_fastrtps/pick_part__type_support.cpp.o[0m
[ 67%] [32mBuilding CXX object CMakeFiles/drone_assembly_cell__rosidl_typesupport_fastrtps_c.dir/rosidl_typesupport_fastrtps_c/drone_assembly_cell/srv/detail/move_to_station__type_support_c.cpp.o[0m
[ 67%] Built target drone_assembly_cell__rosidl_typesupport_introspection_c
[ 69%] [32mBuilding CXX object CMakeFiles/drone_assembly_cell__rosidl_typesupport_fastrtps_c.dir/rosidl_typesupport_fastrtps_c/drone_assembly_cell/action/detail/pick_part__type_support_c.cpp.o[0m
[ 70%] [32mBuilding CXX object CMakeFiles/drone_assembly_cell__rosidl_typesupport_fastrtps_cpp.dir/rosidl_typesupport_fastrtps_cpp/drone_assembly_cell/action/detail/dds_fastrtps/place_part__type_support.cpp.o[0m
[ 72%] [32m[1mLinking CXX shared library libdrone_assembly_cell__rosidl_typesupport_cpp.so[0m
[ 74%] [32mBuilding CXX object CMakeFiles/drone_assembly_cell__rosidl_typesupport_fastrtps_c.dir/rosidl_typesupport_fastrtps_c/drone_assembly_cell/action/detail/place_part__type_support_c.cpp.o[0m
[ 76%] [32m[1mLinking CXX shared library libdrone_assembly_cell__rosidl_typesupport_introspection_cpp.so[0m
[ 76%] Built target drone_assembly_cell__rosidl_typesupport_cpp
[ 76%] Built target drone_assembly_cell__rosidl_typesupport_introspection_cpp
[ 78%] [32m[1mLinking CXX shared library libdrone_assembly_cell__rosidl_typesupport_fastrtps_c.so[0m
[ 80%] [32m[1mLinking CXX shared library libdrone_assembly_cell__rosidl_typesupport_fastrtps_cpp.so[0m
[ 80%] Built target drone_assembly_cell__rosidl_typesupport_fastrtps_c
[ 80%] Built target drone_assembly_cell__rosidl_typesupport_fastrtps_cpp
[ 80%] Built target drone_assembly_cell
[ 81%] [34m[1mGenerating Python code for ROS interfaces[0m
[ 81%] Built target drone_assembly_cell__py
[ 83%] [32mBuilding C object CMakeFiles/drone_assembly_cell__rosidl_generator_py.dir/rosidl_generator_py/drone_assembly_cell/srv/_move_to_station_s.c.o[0m
[ 87%] [32mBuilding C object CMakeFiles/drone_assembly_cell__rosidl_generator_py.dir/rosidl_generator_py/drone_assembly_cell/action/_place_part_s.c.o[0m
[ 87%] [32mBuilding C object CMakeFiles/drone_assembly_cell__rosidl_generator_py.dir/rosidl_generator_py/drone_assembly_cell/action/_pick_part_s.c.o[0m
[ 89%] [32m[1mLinking C shared library libdrone_assembly_cell__rosidl_generator_py.so[0m
[ 89%] Built target drone_assembly_cell__rosidl_generator_py
[ 90%] [32mBuilding C object CMakeFiles/drone_assembly_cell_s__rosidl_typesupport_introspection_c.dir/rosidl_generator_py/drone_assembly_cell/_drone_assembly_cell_s.ep.rosidl_typesupport_introspection_c.c.o[0m
[ 94%] [32mBuilding C object CMakeFiles/drone_assembly_cell_s__rosidl_typesupport_fastrtps_c.dir/rosidl_generator_py/drone_assembly_cell/_drone_assembly_cell_s.ep.rosidl_typesupport_fastrtps_c.c.o[0m
[ 94%] [32mBuilding C object CMakeFiles/drone_assembly_cell_s__rosidl_typesupport_c.dir/rosidl_generator_py/drone_assembly_cell/_drone_assembly_cell_s.ep.rosidl_typesupport_c.c.o[0m
[ 98%] [32m[1mLinking C shared module rosidl_generator_py/drone_assembly_cell/drone_assembly_cell_s__rosidl_typesupport_introspection_c.so[0m
[ 98%] [32m[1mLinking C shared module rosidl_generator_py/drone_assembly_cell/drone_assembly_cell_s__rosidl_typesupport_c.so[0m
[100%] [32m[1mLinking C shared module rosidl_generator_py/drone_assembly_cell/drone_assembly_cell_s__rosidl_typesupport_fastrtps_c.so[0m
[100%] Built target drone_assembly_cell_s__rosidl_typesupport_c
[100%] Built target drone_assembly_cell_s__rosidl_typesupport_introspection_c
[100%] Built target drone_assembly_cell_s__rosidl_typesupport_fastrtps_c
-- Install configuration: ""
-- Execute custom install script
-- Symlinking: /home/nadslab/ros2_ws/src/drone-assembly-line/install/drone_assembly_cell/share/ament_index/resource_index/rosidl_interfaces/drone_assembly_cell
-- Symlinking: /home/nadslab/ros2_ws/src/drone-assembly-line/install/drone_assembly_cell/share/drone_assembly_cell/srv/MoveToStation.json
-- Symlinking: /home/nadslab/ros2_ws/src/drone-assembly-line/install/drone_assembly_cell/share/drone_assembly_cell/action/PickPart.json
-- Symlinking: /home/nadslab/ros2_ws/src/drone-assembly-line/install/drone_assembly_cell/share/drone_assembly_cell/action/PlacePart.json
-- Symlinking: /home/nadslab/ros2_ws/src/drone-assembly-line/install/drone_assembly_cell/include/drone_assembly_cell/drone_assembly_cell/action/detail/pick_part__functions.h
-- Symlinking: /home/nadslab/ros2_ws/src/drone-assembly-line/install/drone_assembly_cell/include/drone_assembly_cell/drone_assembly_cell/action/detail/pick_part__struct.h
-- Symlinking: /home/nadslab/ros2_ws/src/drone-assembly-line/install/drone_assembly_cell/include/drone_assembly_cell/drone_assembly_cell/action/detail/pick_part__type_support.h
-- Symlinking: /home/nadslab/ros2_ws/src/drone-assembly-line/install/drone_assembly_cell/include/drone_assembly_cell/drone_assembly_cell/action/detail/place_part__functions.h
-- Symlinking: /home/nadslab/ros2_ws/src/drone-assembly-line/install/drone_assembly_cell/include/drone_assembly_cell/drone_assembly_cell/action/detail/place_part__struct.h
-- Symlinking: /home/nadslab/ros2_ws/src/drone-assembly-line/install/drone_assembly_cell/include/drone_assembly_cell/drone_assembly_cell/action/detail/place_part__type_support.h
-- Symlinking: /home/nadslab/ros2_ws/src/drone-assembly-line/install/drone_assembly_cell/include/drone_assembly_cell/drone_assembly_cell/action/pick_part.h
-- Symlinking: /home/nadslab/ros2_ws/src/drone-assembly-line/install/drone_assembly_cell/include/drone_assembly_cell/drone_assembly_cell/action/place_part.h
-- Symlinking: /home/nadslab/ros2_ws/src/drone-assembly-line/install/drone_assembly_cell/include/drone_assembly_cell/drone_assembly_cell/msg/rosidl_generator_c__visibility_control.h
-- Symlinking: /home/nadslab/ros2_ws/src/drone-assembly-line/install/drone_assembly_cell/include/drone_assembly_cell/drone_assembly_cell/srv/detail/move_to_station__functions.h
-- Symlinking: /home/nadslab/ros2_ws/src/drone-assembly-line/install/drone_assembly_cell/include/drone_assembly_cell/drone_assembly_cell/srv/detail/move_to_station__struct.h
-- Symlinking: /home/nadslab/ros2_ws/src/drone-assembly-line/install/drone_assembly_cell/include/drone_assembly_cell/drone_assembly_cell/srv/detail/move_to_station__type_support.h
-- Symlinking: /home/nadslab/ros2_ws/src/drone-assembly-line/install/drone_assembly_cell/include/drone_assembly_cell/drone_assembly_cell/srv/move_to_station.h
-- Symlinking: /home/nadslab/ros2_ws/src/drone-assembly-line/install/drone_assembly_cell/share/drone_assembly_cell/environment/library_path.sh
-- Symlinking: /home/nadslab/ros2_ws/src/drone-assembly-line/install/drone_assembly_cell/share/drone_assembly_cell/environment/library_path.dsv
-- Symlinking: /home/nadslab/ros2_ws/src/drone-assembly-line/install/drone_assembly_cell/include/drone_assembly_cell/drone_assembly_cell/action/detail/pick_part__rosidl_typesupport_fastrtps_c.h
-- Symlinking: /home/nadslab/ros2_ws/src/drone-assembly-line/install/drone_assembly_cell/include/drone_assembly_cell/drone_assembly_cell/action/detail/place_part__rosidl_typesupport_fastrtps_c.h
-- Symlinking: /home/nadslab/ros2_ws/src/drone-assembly-line/install/drone_assembly_cell/include/drone_assembly_cell/drone_assembly_cell/msg/rosidl_typesupport_fastrtps_c__visibility_control.h
-- Symlinking: /home/nadslab/ros2_ws/src/drone-assembly-line/install/drone_assembly_cell/include/drone_assembly_cell/drone_assembly_cell/srv/detail/move_to_station__rosidl_typesupport_fastrtps_c.h
-- Symlinking: /home/nadslab/ros2_ws/src/drone-assembly-line/install/drone_assembly_cell/include/drone_assembly_cell/drone_assembly_cell/action/detail/pick_part__rosidl_typesupport_introspection_c.h
-- Symlinking: /home/nadslab/ros2_ws/src/drone-assembly-line/install/drone_assembly_cell/include/drone_assembly_cell/drone_assembly_cell/action/detail/place_part__rosidl_typesupport_introspection_c.h
-- Symlinking: /home/nadslab/ros2_ws/src/drone-assembly-line/install/drone_assembly_cell/include/drone_assembly_cell/drone_assembly_cell/msg/rosidl_typesupport_introspection_c__visibility_control.h
-- Symlinking: /home/nadslab/ros2_ws/src/drone-assembly-line/install/drone_assembly_cell/include/drone_assembly_cell/drone_assembly_cell/srv/detail/move_to_station__rosidl_typesupport_introspection_c.h
-- Symlinking: /home/nadslab/ros2_ws/src/drone-assembly-line/install/drone_assembly_cell/include/drone_assembly_cell/drone_assembly_cell/action/detail/pick_part__builder.hpp
-- Symlinking: /home/nadslab/ros2_ws/src/drone-assembly-line/install/drone_assembly_cell/include/drone_assembly_cell/drone_assembly_cell/action/detail/pick_part__struct.hpp
-- Symlinking: /home/nadslab/ros2_ws/src/drone-assembly-line/install/drone_assembly_cell/include/drone_assembly_cell/drone_assembly_cell/action/detail/pick_part__traits.hpp
-- Symlinking: /home/nadslab/ros2_ws/src/drone-assembly-line/install/drone_assembly_cell/include/drone_assembly_cell/drone_assembly_cell/action/detail/pick_part__type_support.hpp
-- Symlinking: /home/nadslab/ros2_ws/src/drone-assembly-line/install/drone_assembly_cell/include/drone_assembly_cell/drone_assembly_cell/action/detail/place_part__builder.hpp
-- Symlinking: /home/nadslab/ros2_ws/src/drone-assembly-line/install/drone_assembly_cell/include/drone_assembly_cell/drone_assembly_cell/action/detail/place_part__struct.hpp
-- Symlinking: /home/nadslab/ros2_ws/src/drone-assembly-line/install/drone_assembly_cell/include/drone_assembly_cell/drone_assembly_cell/action/detail/place_part__traits.hpp
-- Symlinking: /home/nadslab/ros2_ws/src/drone-assembly-line/install/drone_assembly_cell/include/drone_assembly_cell/drone_assembly_cell/action/detail/place_part__type_support.hpp
-- Symlinking: /home/nadslab/ros2_ws/src/drone-assembly-line/install/drone_assembly_cell/include/drone_assembly_cell/drone_assembly_cell/action/pick_part.hpp
-- Symlinking: /home/nadslab/ros2_ws/src/drone-assembly-line/install/drone_assembly_cell/include/drone_assembly_cell/drone_assembly_cell/action/place_part.hpp
-- Symlinking: /home/nadslab/ros2_ws/src/drone-assembly-line/install/drone_assembly_cell/include/drone_assembly_cell/drone_assembly_cell/msg/rosidl_generator_cpp__visibility_control.hpp
-- Symlinking: /home/nadslab/ros2_ws/src/drone-assembly-line/install/drone_assembly_cell/include/drone_assembly_cell/drone_assembly_cell/srv/detail/move_to_station__builder.hpp
-- Symlinking: /home/nadslab/ros2_ws/src/drone-assembly-line/install/drone_assembly_cell/include/drone_assembly_cell/drone_assembly_cell/srv/detail/move_to_station__struct.hpp
-- Symlinking: /home/nadslab/ros2_ws/src/drone-assembly-line/install/drone_assembly_cell/include/drone_assembly_cell/drone_assembly_cell/srv/detail/move_to_station__traits.hpp
-- Symlinking: /home/nadslab/ros2_ws/src/drone-assembly-line/install/drone_assembly_cell/include/drone_assembly_cell/drone_assembly_cell/srv/detail/move_to_station__type_support.hpp
-- Symlinking: /home/nadslab/ros2_ws/src/drone-assembly-line/install/drone_assembly_cell/include/drone_assembly_cell/drone_assembly_cell/srv/move_to_station.hpp
-- Symlinking: /home/nadslab/ros2_ws/src/drone-assembly-line/install/drone_assembly_cell/include/drone_assembly_cell/drone_assembly_cell/action/detail/pick_part__rosidl_typesupport_fastrtps_cpp.hpp
-- Symlinking: /home/nadslab/ros2_ws/src/drone-assembly-line/install/drone_assembly_cell/include/drone_assembly_cell/drone_assembly_cell/action/detail/place_part__rosidl_typesupport_fastrtps_cpp.hpp
-- Symlinking: /home/nadslab/ros2_ws/src/drone-assembly-line/install/drone_assembly_cell/include/drone_assembly_cell/drone_assembly_cell/msg/rosidl_typesupport_fastrtps_cpp__visibility_control.h
-- Symlinking: /home/nadslab/ros2_ws/src/drone-assembly-line/install/drone_assembly_cell/include/drone_assembly_cell/drone_assembly_cell/srv/detail/move_to_station__rosidl_typesupport_fastrtps_cpp.hpp
-- Symlinking: /home/nadslab/ros2_ws/src/drone-assembly-line/install/drone_assembly_cell/include/drone_assembly_cell/drone_assembly_cell/action/detail/pick_part__rosidl_typesupport_introspection_cpp.hpp
-- Symlinking: /home/nadslab/ros2_ws/src/drone-assembly-line/install/drone_assembly_cell/include/drone_assembly_cell/drone_assembly_cell/action/detail/place_part__rosidl_typesupport_introspection_cpp.hpp
-- Symlinking: /home/nadslab/ros2_ws/src/drone-assembly-line/install/drone_assembly_cell/include/drone_assembly_cell/drone_assembly_cell/srv/detail/move_to_station__rosidl_typesupport_introspection_cpp.hpp
-- Symlinking: /home/nadslab/ros2_ws/src/drone-assembly-line/install/drone_assembly_cell/share/drone_assembly_cell/environment/pythonpath.sh
-- Symlinking: /home/nadslab/ros2_ws/src/drone-assembly-line/install/drone_assembly_cell/share/drone_assembly_cell/environment/pythonpath.dsv
-- Symlinking: /home/nadslab/ros2_ws/src/drone-assembly-line/install/drone_assembly_cell/lib/python3.12/site-packages/drone_assembly_cell-0.1.0-py3.12.egg-info/PKG-INFO
-- Symlinking: /home/nadslab/ros2_ws/src/drone-assembly-line/install/drone_assembly_cell/lib/python3.12/site-packages/drone_assembly_cell-0.1.0-py3.12.egg-info/SOURCES.txt
-- Symlinking: /home/nadslab/ros2_ws/src/drone-assembly-line/install/drone_assembly_cell/lib/python3.12/site-packages/drone_assembly_cell-0.1.0-py3.12.egg-info/dependency_links.txt
-- Symlinking: /home/nadslab/ros2_ws/src/drone-assembly-line/install/drone_assembly_cell/lib/python3.12/site-packages/drone_assembly_cell-0.1.0-py3.12.egg-info/top_level.txt
-- Symlinking: /home/nadslab/ros2_ws/src/drone-assembly-line/install/drone_assembly_cell/lib/python3.12/site-packages/drone_assembly_cell/__init__.py
-- Symlinking: /home/nadslab/ros2_ws/src/drone-assembly-line/install/drone_assembly_cell/lib/python3.12/site-packages/drone_assembly_cell/_drone_assembly_cell_s.ep.rosidl_typesupport_c.c
-- Symlinking: /home/nadslab/ros2_ws/src/drone-assembly-line/install/drone_assembly_cell/lib/python3.12/site-packages/drone_assembly_cell/_drone_assembly_cell_s.ep.rosidl_typesupport_fastrtps_c.c
-- Symlinking: /home/nadslab/ros2_ws/src/drone-assembly-line/install/drone_assembly_cell/lib/python3.12/site-packages/drone_assembly_cell/_drone_assembly_cell_s.ep.rosidl_typesupport_introspection_c.c
-- Symlinking: /home/nadslab/ros2_ws/src/drone-assembly-line/install/drone_assembly_cell/lib/python3.12/site-packages/drone_assembly_cell/action/__init__.py
-- Symlinking: /home/nadslab/ros2_ws/src/drone-assembly-line/install/drone_assembly_cell/lib/python3.12/site-packages/drone_assembly_cell/action/_pick_part.py
-- Symlinking: /home/nadslab/ros2_ws/src/drone-assembly-line/install/drone_assembly_cell/lib/python3.12/site-packages/drone_assembly_cell/action/_pick_part_s.c
-- Symlinking: /home/nadslab/ros2_ws/src/drone-assembly-line/install/drone_assembly_cell/lib/python3.12/site-packages/drone_assembly_cell/action/_place_part.py
-- Symlinking: /home/nadslab/ros2_ws/src/drone-assembly-line/install/drone_assembly_cell/lib/python3.12/site-packages/drone_assembly_cell/action/_place_part_s.c
-- Symlinking: /home/nadslab/ros2_ws/src/drone-assembly-line/install/drone_assembly_cell/lib/python3.12/site-packages/drone_assembly_cell/drone_assembly_cell_s__rosidl_typesupport_c.so
-- Symlinking: /home/nadslab/ros2_ws/src/drone-assembly-line/install/drone_assembly_cell/lib/python3.12/site-packages/drone_assembly_cell/drone_assembly_cell_s__rosidl_typesupport_fastrtps_c.so
-- Symlinking: /home/nadslab/ros2_ws/src/drone-assembly-line/install/drone_assembly_cell/lib/python3.12/site-packages/drone_assembly_cell/drone_assembly_cell_s__rosidl_typesupport_introspection_c.so
-- Symlinking: /home/nadslab/ros2_ws/src/drone-assembly-line/install/drone_assembly_cell/lib/python3.12/site-packages/drone_assembly_cell/srv/__init__.py
-- Symlinking: /home/nadslab/ros2_ws/src/drone-assembly-line/install/drone_assembly_cell/lib/python3.12/site-packages/drone_assembly_cell/srv/_move_to_station.py
-- Symlinking: /home/nadslab/ros2_ws/src/drone-assembly-line/install/drone_assembly_cell/lib/python3.12/site-packages/drone_assembly_cell/srv/_move_to_station_s.c
-- Up-to-date symlink: /home/nadslab/ros2_ws/src/drone-assembly-line/install/drone_assembly_cell/lib/python3.12/site-packages/drone_assembly_cell/drone_assembly_cell_s__rosidl_typesupport_fastrtps_c.so
-- Up-to-date symlink: /home/nadslab/ros2_ws/src/drone-assembly-line/install/drone_assembly_cell/lib/python3.12/site-packages/drone_assembly_cell/drone_assembly_cell_s__rosidl_typesupport_introspection_c.so
-- Up-to-date symlink: /home/nadslab/ros2_ws/src/drone-assembly-line/install/drone_assembly_cell/lib/python3.12/site-packages/drone_assembly_cell/drone_assembly_cell_s__rosidl_typesupport_c.so
-- Symlinking: /home/nadslab/ros2_ws/src/drone-assembly-line/install/drone_assembly_cell/share/ament_index/resource_index/rust_packages/drone_assembly_cell
-- Symlinking: /home/nadslab/ros2_ws/src/drone-assembly-line/install/drone_assembly_cell/share/drone_assembly_cell/rust/Cargo.toml
-- Symlinking: /home/nadslab/ros2_ws/src/drone-assembly-line/install/drone_assembly_cell/share/drone_assembly_cell/rust/build.rs
-- Symlinking: /home/nadslab/ros2_ws/src/drone-assembly-line/install/drone_assembly_cell/share/drone_assembly_cell/rust/src/action.rs
-- Symlinking: /home/nadslab/ros2_ws/src/drone-assembly-line/install/drone_assembly_cell/share/drone_assembly_cell/rust/src/action/rmw.rs
-- Symlinking: /home/nadslab/ros2_ws/src/drone-assembly-line/install/drone_assembly_cell/share/drone_assembly_cell/rust/src/lib.rs
-- Symlinking: /home/nadslab/ros2_ws/src/drone-assembly-line/install/drone_assembly_cell/share/drone_assembly_cell/rust/src/srv.rs
-- Symlinking: /home/nadslab/ros2_ws/src/drone-assembly-line/install/drone_assembly_cell/share/drone_assembly_cell/rust/src/srv/rmw.rs
-- Symlinking: /home/nadslab/ros2_ws/src/drone-assembly-line/install/drone_assembly_cell/share/drone_assembly_cell/srv/MoveToStation.idl
-- Symlinking: /home/nadslab/ros2_ws/src/drone-assembly-line/install/drone_assembly_cell/share/drone_assembly_cell/action/PickPart.idl
-- Symlinking: /home/nadslab/ros2_ws/src/drone-assembly-line/install/drone_assembly_cell/share/drone_assembly_cell/action/PlacePart.idl
-- Symlinking: /home/nadslab/ros2_ws/src/drone-assembly-line/install/drone_assembly_cell/share/drone_assembly_cell/srv/MoveToStation.srv
-- Symlinking: /home/nadslab/ros2_ws/src/drone-assembly-line/install/drone_assembly_cell/share/drone_assembly_cell/action/PickPart.action
-- Symlinking: /home/nadslab/ros2_ws/src/drone-assembly-line/install/drone_assembly_cell/share/drone_assembly_cell/action/PlacePart.action
-- Symlinking: /home/nadslab/ros2_ws/src/drone-assembly-line/install/drone_assembly_cell/share/drone_assembly_cell/launch/assembly_world.launch.py
-- Symlinking: /home/nadslab/ros2_ws/src/drone-assembly-line/install/drone_assembly_cell/share/drone_assembly_cell/launch/single_arm_dev.launch.py
-- Symlinking: /home/nadslab/ros2_ws/src/drone-assembly-line/install/drone_assembly_cell/share/drone_assembly_cell/launch/single_arm_minimal.launch.py
-- Symlinking: /home/nadslab/ros2_ws/src/drone-assembly-line/install/drone_assembly_cell/share/drone_assembly_cell/rviz/cell.rviz
-- Symlinking: /home/nadslab/ros2_ws/src/drone-assembly-line/install/drone_assembly_cell/lib/drone_assembly_cell/screw_spawner.py
-- Symlinking: /home/nadslab/ros2_ws/src/drone-assembly-line/install/drone_assembly_cell/lib/drone_assembly_cell/conveyor_node.py
-- Symlinking: /home/nadslab/ros2_ws/src/drone-assembly-line/install/drone_assembly_cell/lib/drone_assembly_cell/gripper_attach_node.py
-- Symlinking: /home/nadslab/ros2_ws/src/drone-assembly-line/install/drone_assembly_cell/lib/drone_assembly_cell/pick_place_server.py
-- Symlinking: /home/nadslab/ros2_ws/src/drone-assembly-line/install/drone_assembly_cell/lib/drone_assembly_cell/so101_ik.py
-- Symlinking: /home/nadslab/ros2_ws/src/drone-assembly-line/install/drone_assembly_cell/lib/drone_assembly_cell/assembly_orchestrator.py
-- Symlinking: /home/nadslab/ros2_ws/src/drone-assembly-line/install/drone_assembly_cell/share/drone_assembly_cell/models/arm/arm.stl
-- Symlinking: /home/nadslab/ros2_ws/src/drone-assembly-line/install/drone_assembly_cell/share/drone_assembly_cell/models/arm/model.config
-- Symlinking: /home/nadslab/ros2_ws/src/drone-assembly-line/install/drone_assembly_cell/share/drone_assembly_cell/models/arm/model.sdf
-- Symlinking: /home/nadslab/ros2_ws/src/drone-assembly-line/install/drone_assembly_cell/share/drone_assembly_cell/models/assembly_table/model.config
-- Symlinking: /home/nadslab/ros2_ws/src/drone-assembly-line/install/drone_assembly_cell/share/drone_assembly_cell/models/assembly_table/model.sdf
-- Symlinking: /home/nadslab/ros2_ws/src/drone-assembly-line/install/drone_assembly_cell/share/drone_assembly_cell/models/bin/model.config
-- Symlinking: /home/nadslab/ros2_ws/src/drone-assembly-line/install/drone_assembly_cell/share/drone_assembly_cell/models/bin/model.sdf
-- Symlinking: /home/nadslab/ros2_ws/src/drone-assembly-line/install/drone_assembly_cell/share/drone_assembly_cell/models/bottom_plate/bottom_plate.stl
-- Symlinking: /home/nadslab/ros2_ws/src/drone-assembly-line/install/drone_assembly_cell/share/drone_assembly_cell/models/bottom_plate/model.config
-- Symlinking: /home/nadslab/ros2_ws/src/drone-assembly-line/install/drone_assembly_cell/share/drone_assembly_cell/models/bottom_plate/model.sdf
-- Symlinking: /home/nadslab/ros2_ws/src/drone-assembly-line/install/drone_assembly_cell/share/drone_assembly_cell/models/cell_frame/model.config
-- Symlinking: /home/nadslab/ros2_ws/src/drone-assembly-line/install/drone_assembly_cell/share/drone_assembly_cell/models/cell_frame/model.sdf
-- Symlinking: /home/nadslab/ros2_ws/src/drone-assembly-line/install/drone_assembly_cell/share/drone_assembly_cell/models/conveyor_main/model.config
-- Symlinking: /home/nadslab/ros2_ws/src/drone-assembly-line/install/drone_assembly_cell/share/drone_assembly_cell/models/conveyor_main/model.sdf
-- Symlinking: /home/nadslab/ros2_ws/src/drone-assembly-line/install/drone_assembly_cell/share/drone_assembly_cell/models/conveyor_return/model.config
-- Symlinking: /home/nadslab/ros2_ws/src/drone-assembly-line/install/drone_assembly_cell/share/drone_assembly_cell/models/conveyor_return/model.sdf
-- Symlinking: /home/nadslab/ros2_ws/src/drone-assembly-line/install/drone_assembly_cell/share/drone_assembly_cell/models/conveyor_side/model.config
-- Symlinking: /home/nadslab/ros2_ws/src/drone-assembly-line/install/drone_assembly_cell/share/drone_assembly_cell/models/conveyor_side/model.sdf
-- Symlinking: /home/nadslab/ros2_ws/src/drone-assembly-line/install/drone_assembly_cell/share/drone_assembly_cell/models/drone_bottom_plate/meshes/bottom_plate.stl
-- Symlinking: /home/nadslab/ros2_ws/src/drone-assembly-line/install/drone_assembly_cell/share/drone_assembly_cell/models/drone_bottom_plate/model.config
-- Symlinking: /home/nadslab/ros2_ws/src/drone-assembly-line/install/drone_assembly_cell/share/drone_assembly_cell/models/drone_bottom_plate/model.sdf
-- Symlinking: /home/nadslab/ros2_ws/src/drone-assembly-line/install/drone_assembly_cell/share/drone_assembly_cell/models/drone_camera/meshes/camera.stl
-- Symlinking: /home/nadslab/ros2_ws/src/drone-assembly-line/install/drone_assembly_cell/share/drone_assembly_cell/models/drone_camera/model.config
-- Symlinking: /home/nadslab/ros2_ws/src/drone-assembly-line/install/drone_assembly_cell/share/drone_assembly_cell/models/drone_camera/model.sdf
-- Symlinking: /home/nadslab/ros2_ws/src/drone-assembly-line/install/drone_assembly_cell/share/drone_assembly_cell/models/drone_capacitor/meshes/capacitor.stl
-- Symlinking: /home/nadslab/ros2_ws/src/drone-assembly-line/install/drone_assembly_cell/share/drone_assembly_cell/models/drone_capacitor/model.config
-- Symlinking: /home/nadslab/ros2_ws/src/drone-assembly-line/install/drone_assembly_cell/share/drone_assembly_cell/models/drone_capacitor/model.sdf
-- Symlinking: /home/nadslab/ros2_ws/src/drone-assembly-line/install/drone_assembly_cell/share/drone_assembly_cell/models/drone_emax_motor/meshes/emax_motor.stl
-- Symlinking: /home/nadslab/ros2_ws/src/drone-assembly-line/install/drone_assembly_cell/share/drone_assembly_cell/models/drone_emax_motor/model.config
-- Symlinking: /home/nadslab/ros2_ws/src/drone-assembly-line/install/drone_assembly_cell/share/drone_assembly_cell/models/drone_emax_motor/model.sdf
-- Symlinking: /home/nadslab/ros2_ws/src/drone-assembly-line/install/drone_assembly_cell/share/drone_assembly_cell/models/drone_rx_antenna/meshes/rx_antenna.stl
-- Symlinking: /home/nadslab/ros2_ws/src/drone-assembly-line/install/drone_assembly_cell/share/drone_assembly_cell/models/drone_rx_antenna/model.config
-- Symlinking: /home/nadslab/ros2_ws/src/drone-assembly-line/install/drone_assembly_cell/share/drone_assembly_cell/models/drone_rx_antenna/model.sdf
-- Symlinking: /home/nadslab/ros2_ws/src/drone-assembly-line/install/drone_assembly_cell/share/drone_assembly_cell/models/drone_single_arm/meshes/single_arm.stl
-- Symlinking: /home/nadslab/ros2_ws/src/drone-assembly-line/install/drone_assembly_cell/share/drone_assembly_cell/models/drone_single_arm/model.config
-- Symlinking: /home/nadslab/ros2_ws/src/drone-assembly-line/install/drone_assembly_cell/share/drone_assembly_cell/models/drone_single_arm/model.sdf
-- Symlinking: /home/nadslab/ros2_ws/src/drone-assembly-line/install/drone_assembly_cell/share/drone_assembly_cell/models/drone_speedybee_stack/meshes/speedybee_stack.stl
-- Symlinking: /home/nadslab/ros2_ws/src/drone-assembly-line/install/drone_assembly_cell/share/drone_assembly_cell/models/drone_speedybee_stack/model.config
-- Symlinking: /home/nadslab/ros2_ws/src/drone-assembly-line/install/drone_assembly_cell/share/drone_assembly_cell/models/drone_speedybee_stack/model.sdf
-- Symlinking: /home/nadslab/ros2_ws/src/drone-assembly-line/install/drone_assembly_cell/share/drone_assembly_cell/models/drone_tbs_antenna/meshes/tbs_antenna.stl
-- Symlinking: /home/nadslab/ros2_ws/src/drone-assembly-line/install/drone_assembly_cell/share/drone_assembly_cell/models/drone_tbs_antenna/model.config
-- Symlinking: /home/nadslab/ros2_ws/src/drone-assembly-line/install/drone_assembly_cell/share/drone_assembly_cell/models/drone_tbs_antenna/model.sdf
-- Symlinking: /home/nadslab/ros2_ws/src/drone-assembly-line/install/drone_assembly_cell/share/drone_assembly_cell/models/drone_vtx/meshes/vtx.stl
-- Symlinking: /home/nadslab/ros2_ws/src/drone-assembly-line/install/drone_assembly_cell/share/drone_assembly_cell/models/drone_vtx/model.config
-- Symlinking: /home/nadslab/ros2_ws/src/drone-assembly-line/install/drone_assembly_cell/share/drone_assembly_cell/models/drone_vtx/model.sdf
-- Symlinking: /home/nadslab/ros2_ws/src/drone-assembly-line/install/drone_assembly_cell/share/drone_assembly_cell/models/drone_vtx_antenna/meshes/vtx_antenna.stl
-- Symlinking: /home/nadslab/ros2_ws/src/drone-assembly-line/install/drone_assembly_cell/share/drone_assembly_cell/models/drone_vtx_antenna/model.config
-- Symlinking: /home/nadslab/ros2_ws/src/drone-assembly-line/install/drone_assembly_cell/share/drone_assembly_cell/models/drone_vtx_antenna/model.sdf
-- Symlinking: /home/nadslab/ros2_ws/src/drone-assembly-line/install/drone_assembly_cell/share/drone_assembly_cell/models/emax_motor/model.config
-- Symlinking: /home/nadslab/ros2_ws/src/drone-assembly-line/install/drone_assembly_cell/share/drone_assembly_cell/models/emax_motor/model.sdf
-- Symlinking: /home/nadslab/ros2_ws/src/drone-assembly-line/install/drone_assembly_cell/share/drone_assembly_cell/models/finished_area/model.config
-- Symlinking: /home/nadslab/ros2_ws/src/drone-assembly-line/install/drone_assembly_cell/share/drone_assembly_cell/models/finished_area/model.sdf
-- Symlinking: /home/nadslab/ros2_ws/src/drone-assembly-line/install/drone_assembly_cell/share/drone_assembly_cell/models/frame_jig/model.config
-- Symlinking: /home/nadslab/ros2_ws/src/drone-assembly-line/install/drone_assembly_cell/share/drone_assembly_cell/models/frame_jig/model.sdf
-- Symlinking: /home/nadslab/ros2_ws/src/drone-assembly-line/install/drone_assembly_cell/share/drone_assembly_cell/models/m3_screw/model.config
-- Symlinking: /home/nadslab/ros2_ws/src/drone-assembly-line/install/drone_assembly_cell/share/drone_assembly_cell/models/m3_screw/model.sdf
-- Symlinking: /home/nadslab/ros2_ws/src/drone-assembly-line/install/drone_assembly_cell/share/drone_assembly_cell/models/motor_jig/model.config
-- Symlinking: /home/nadslab/ros2_ws/src/drone-assembly-line/install/drone_assembly_cell/share/drone_assembly_cell/models/motor_jig/model.sdf
-- Symlinking: /home/nadslab/ros2_ws/src/drone-assembly-line/install/drone_assembly_cell/share/drone_assembly_cell/models/screw_feeder/model.config
-- Symlinking: /home/nadslab/ros2_ws/src/drone-assembly-line/install/drone_assembly_cell/share/drone_assembly_cell/models/screw_feeder/model.sdf
-- Symlinking: /home/nadslab/ros2_ws/src/drone-assembly-line/install/drone_assembly_cell/share/drone_assembly_cell/models/top_plate/model.config
-- Symlinking: /home/nadslab/ros2_ws/src/drone-assembly-line/install/drone_assembly_cell/share/drone_assembly_cell/models/top_plate/model.sdf
-- Symlinking: /home/nadslab/ros2_ws/src/drone-assembly-line/install/drone_assembly_cell/share/drone_assembly_cell/models/top_plate/top_plate.stl
-- Symlinking: /home/nadslab/ros2_ws/src/drone-assembly-line/install/drone_assembly_cell/share/drone_assembly_cell/models/workbench/model.config
-- Symlinking: /home/nadslab/ros2_ws/src/drone-assembly-line/install/drone_assembly_cell/share/drone_assembly_cell/models/workbench/model.sdf
-- Symlinking: /home/nadslab/ros2_ws/src/drone-assembly-line/install/drone_assembly_cell/share/drone_assembly_cell/worlds/frame_assembly.sdf
-- Symlinking: /home/nadslab/ros2_ws/src/drone-assembly-line/install/drone_assembly_cell/share/drone_assembly_cell/meshes/arm.stl
-- Symlinking: /home/nadslab/ros2_ws/src/drone-assembly-line/install/drone_assembly_cell/share/drone_assembly_cell/meshes/bottom_plate.stl
-- Symlinking: /home/nadslab/ros2_ws/src/drone-assembly-line/install/drone_assembly_cell/share/drone_assembly_cell/meshes/camera.stl
-- Symlinking: /home/nadslab/ros2_ws/src/drone-assembly-line/install/drone_assembly_cell/share/drone_assembly_cell/meshes/capacitor.stl
-- Symlinking: /home/nadslab/ros2_ws/src/drone-assembly-line/install/drone_assembly_cell/share/drone_assembly_cell/meshes/emax_motor.stl
-- Symlinking: /home/nadslab/ros2_ws/src/drone-assembly-line/install/drone_assembly_cell/share/drone_assembly_cell/meshes/rx_antenna.stl
-- Symlinking: /home/nadslab/ros2_ws/src/drone-assembly-line/install/drone_assembly_cell/share/drone_assembly_cell/meshes/single_arm.stl
-- Symlinking: /home/nadslab/ros2_ws/src/drone-assembly-line/install/drone_assembly_cell/share/drone_assembly_cell/meshes/speedybee_stack.stl
-- Symlinking: /home/nadslab/ros2_ws/src/drone-assembly-line/install/drone_assembly_cell/share/drone_assembly_cell/meshes/tbs_antenna.stl
-- Symlinking: /home/nadslab/ros2_ws/src/drone-assembly-line/install/drone_assembly_cell/share/drone_assembly_cell/meshes/top_plate.stl
-- Symlinking: /home/nadslab/ros2_ws/src/drone-assembly-line/install/drone_assembly_cell/share/drone_assembly_cell/meshes/vtx.stl
-- Symlinking: /home/nadslab/ros2_ws/src/drone-assembly-line/install/drone_assembly_cell/share/drone_assembly_cell/meshes/vtx_antenna.stl
-- Up-to-date symlink: /home/nadslab/ros2_ws/src/drone-assembly-line/install/drone_assembly_cell/share/drone_assembly_cell/models/bottom_plate/bottom_plate.stl
-- Up-to-date symlink: /home/nadslab/ros2_ws/src/drone-assembly-line/install/drone_assembly_cell/share/drone_assembly_cell/models/top_plate/top_plate.stl
-- Up-to-date symlink: /home/nadslab/ros2_ws/src/drone-assembly-line/install/drone_assembly_cell/share/drone_assembly_cell/models/arm/arm.stl
-- Up-to-date symlink: /home/nadslab/ros2_ws/src/drone-assembly-line/install/drone_assembly_cell/share/drone_assembly_cell/models/drone_single_arm/meshes/single_arm.stl
-- Up-to-date symlink: /home/nadslab/ros2_ws/src/drone-assembly-line/install/drone_assembly_cell/share/drone_assembly_cell/models/drone_bottom_plate/meshes/bottom_plate.stl
-- Up-to-date symlink: /home/nadslab/ros2_ws/src/drone-assembly-line/install/drone_assembly_cell/share/drone_assembly_cell/models/drone_emax_motor/meshes/emax_motor.stl
-- Up-to-date symlink: /home/nadslab/ros2_ws/src/drone-assembly-line/install/drone_assembly_cell/share/drone_assembly_cell/models/drone_speedybee_stack/meshes/speedybee_stack.stl
-- Up-to-date symlink: /home/nadslab/ros2_ws/src/drone-assembly-line/install/drone_assembly_cell/share/drone_assembly_cell/models/drone_capacitor/meshes/capacitor.stl
-- Up-to-date symlink: /home/nadslab/ros2_ws/src/drone-assembly-line/install/drone_assembly_cell/share/drone_assembly_cell/models/drone_vtx/meshes/vtx.stl
-- Up-to-date symlink: /home/nadslab/ros2_ws/src/drone-assembly-line/install/drone_assembly_cell/share/drone_assembly_cell/models/drone_camera/meshes/camera.stl
-- Up-to-date symlink: /home/nadslab/ros2_ws/src/drone-assembly-line/install/drone_assembly_cell/share/drone_assembly_cell/models/drone_vtx_antenna/meshes/vtx_antenna.stl
-- Up-to-date symlink: /home/nadslab/ros2_ws/src/drone-assembly-line/install/drone_assembly_cell/share/drone_assembly_cell/models/drone_rx_antenna/meshes/rx_antenna.stl
-- Up-to-date symlink: /home/nadslab/ros2_ws/src/drone-assembly-line/install/drone_assembly_cell/share/drone_assembly_cell/models/drone_tbs_antenna/meshes/tbs_antenna.stl
-- Symlinking: /home/nadslab/ros2_ws/src/drone-assembly-line/install/drone_assembly_cell/share/ament_index/resource_index/package_run_dependencies/drone_assembly_cell
-- Symlinking: /home/nadslab/ros2_ws/src/drone-assembly-line/install/drone_assembly_cell/share/ament_index/resource_index/parent_prefix_path/drone_assembly_cell
-- Symlinking: /home/nadslab/ros2_ws/src/drone-assembly-line/install/drone_assembly_cell/share/drone_assembly_cell/environment/ament_prefix_path.sh
-- Symlinking: /home/nadslab/ros2_ws/src/drone-assembly-line/install/drone_assembly_cell/share/drone_assembly_cell/environment/ament_prefix_path.dsv
-- Symlinking: /home/nadslab/ros2_ws/src/drone-assembly-line/install/drone_assembly_cell/share/drone_assembly_cell/environment/path.sh
-- Symlinking: /home/nadslab/ros2_ws/src/drone-assembly-line/install/drone_assembly_cell/share/drone_assembly_cell/environment/path.dsv
-- Symlinking: /home/nadslab/ros2_ws/src/drone-assembly-line/install/drone_assembly_cell/share/drone_assembly_cell/local_setup.bash
-- Symlinking: /home/nadslab/ros2_ws/src/drone-assembly-line/install/drone_assembly_cell/share/drone_assembly_cell/local_setup.sh
-- Symlinking: /home/nadslab/ros2_ws/src/drone-assembly-line/install/drone_assembly_cell/share/drone_assembly_cell/local_setup.zsh
-- Symlinking: /home/nadslab/ros2_ws/src/drone-assembly-line/install/drone_assembly_cell/share/drone_assembly_cell/local_setup.dsv
-- Symlinking: /home/nadslab/ros2_ws/src/drone-assembly-line/install/drone_assembly_cell/share/drone_assembly_cell/package.dsv
-- Symlinking: /home/nadslab/ros2_ws/src/drone-assembly-line/install/drone_assembly_cell/share/ament_index/resource_index/packages/drone_assembly_cell
-- Symlinking: /home/nadslab/ros2_ws/src/drone-assembly-line/install/drone_assembly_cell/share/drone_assembly_cell/cmake/rosidl_cmake-extras.cmake
-- Symlinking: /home/nadslab/ros2_ws/src/drone-assembly-line/install/drone_assembly_cell/share/drone_assembly_cell/cmake/ament_cmake_export_dependencies-extras.cmake
-- Symlinking: /home/nadslab/ros2_ws/src/drone-assembly-line/install/drone_assembly_cell/share/drone_assembly_cell/cmake/ament_cmake_export_include_directories-extras.cmake
-- Symlinking: /home/nadslab/ros2_ws/src/drone-assembly-line/install/drone_assembly_cell/share/drone_assembly_cell/cmake/ament_cmake_export_libraries-extras.cmake
-- Symlinking: /home/nadslab/ros2_ws/src/drone-assembly-line/install/drone_assembly_cell/share/drone_assembly_cell/cmake/ament_cmake_export_targets-extras.cmake
-- Symlinking: /home/nadslab/ros2_ws/src/drone-assembly-line/install/drone_assembly_cell/share/drone_assembly_cell/cmake/rosidl_cmake_export_typesupport_targets-extras.cmake
-- Symlinking: /home/nadslab/ros2_ws/src/drone-assembly-line/install/drone_assembly_cell/share/drone_assembly_cell/cmake/rosidl_cmake_export_typesupport_libraries-extras.cmake
-- Symlinking: /home/nadslab/ros2_ws/src/drone-assembly-line/install/drone_assembly_cell/share/drone_assembly_cell/cmake/drone_assembly_cellConfig.cmake
-- Symlinking: /home/nadslab/ros2_ws/src/drone-assembly-line/install/drone_assembly_cell/share/drone_assembly_cell/cmake/drone_assembly_cellConfig-version.cmake
-- Symlinking: /home/nadslab/ros2_ws/src/drone-assembly-line/install/drone_assembly_cell/share/drone_assembly_cell/package.xml
-- Installing: /home/nadslab/ros2_ws/src/drone-assembly-line/install/drone_assembly_cell/lib/libdrone_assembly_cell__rosidl_generator_c.so
-- Set non-toolchain portion of runtime path of "/home/nadslab/ros2_ws/src/drone-assembly-line/install/drone_assembly_cell/lib/libdrone_assembly_cell__rosidl_generator_c.so" to ""
-- Installing: /home/nadslab/ros2_ws/src/drone-assembly-line/install/drone_assembly_cell/lib/libdrone_assembly_cell__rosidl_typesupport_fastrtps_c.so
-- Set non-toolchain portion of runtime path of "/home/nadslab/ros2_ws/src/drone-assembly-line/install/drone_assembly_cell/lib/libdrone_assembly_cell__rosidl_typesupport_fastrtps_c.so" to ""
-- Installing: /home/nadslab/ros2_ws/src/drone-assembly-line/install/drone_assembly_cell/lib/libdrone_assembly_cell__rosidl_typesupport_introspection_c.so
-- Set non-toolchain portion of runtime path of "/home/nadslab/ros2_ws/src/drone-assembly-line/install/drone_assembly_cell/lib/libdrone_assembly_cell__rosidl_typesupport_introspection_c.so" to ""
-- Installing: /home/nadslab/ros2_ws/src/drone-assembly-line/install/drone_assembly_cell/lib/libdrone_assembly_cell__rosidl_typesupport_c.so
-- Set non-toolchain portion of runtime path of "/home/nadslab/ros2_ws/src/drone-assembly-line/install/drone_assembly_cell/lib/libdrone_assembly_cell__rosidl_typesupport_c.so" to ""
-- Installing: /home/nadslab/ros2_ws/src/drone-assembly-line/install/drone_assembly_cell/lib/libdrone_assembly_cell__rosidl_typesupport_fastrtps_cpp.so
-- Set non-toolchain portion of runtime path of "/home/nadslab/ros2_ws/src/drone-assembly-line/install/drone_assembly_cell/lib/libdrone_assembly_cell__rosidl_typesupport_fastrtps_cpp.so" to ""
-- Installing: /home/nadslab/ros2_ws/src/drone-assembly-line/install/drone_assembly_cell/lib/libdrone_assembly_cell__rosidl_typesupport_introspection_cpp.so
-- Set non-toolchain portion of runtime path of "/home/nadslab/ros2_ws/src/drone-assembly-line/install/drone_assembly_cell/lib/libdrone_assembly_cell__rosidl_typesupport_introspection_cpp.so" to ""
-- Installing: /home/nadslab/ros2_ws/src/drone-assembly-line/install/drone_assembly_cell/lib/libdrone_assembly_cell__rosidl_typesupport_cpp.so
-- Set non-toolchain portion of runtime path of "/home/nadslab/ros2_ws/src/drone-assembly-line/install/drone_assembly_cell/lib/libdrone_assembly_cell__rosidl_typesupport_cpp.so" to ""
Listing '/home/nadslab/ros2_ws/src/drone-assembly-line/install/drone_assembly_cell/lib/python3.12/site-packages/drone_assembly_cell'...
Compiling '/home/nadslab/ros2_ws/src/drone-assembly-line/install/drone_assembly_cell/lib/python3.12/site-packages/drone_assembly_cell/__init__.py'...
Listing '/home/nadslab/ros2_ws/src/drone-assembly-line/install/drone_assembly_cell/lib/python3.12/site-packages/drone_assembly_cell/action'...
Compiling '/home/nadslab/ros2_ws/src/drone-assembly-line/install/drone_assembly_cell/lib/python3.12/site-packages/drone_assembly_cell/action/__init__.py'...
Compiling '/home/nadslab/ros2_ws/src/drone-assembly-line/install/drone_assembly_cell/lib/python3.12/site-packages/drone_assembly_cell/action/_pick_part.py'...
Compiling '/home/nadslab/ros2_ws/src/drone-assembly-line/install/drone_assembly_cell/lib/python3.12/site-packages/drone_assembly_cell/action/_place_part.py'...
Listing '/home/nadslab/ros2_ws/src/drone-assembly-line/install/drone_assembly_cell/lib/python3.12/site-packages/drone_assembly_cell/srv'...
Compiling '/home/nadslab/ros2_ws/src/drone-assembly-line/install/drone_assembly_cell/lib/python3.12/site-packages/drone_assembly_cell/srv/__init__.py'...
Compiling '/home/nadslab/ros2_ws/src/drone-assembly-line/install/drone_assembly_cell/lib/python3.12/site-packages/drone_assembly_cell/srv/_move_to_station.py'...
-- Installing: /home/nadslab/ros2_ws/src/drone-assembly-line/install/drone_assembly_cell/lib/libdrone_assembly_cell__rosidl_generator_py.so
-- Set non-toolchain portion of runtime path of "/home/nadslab/ros2_ws/src/drone-assembly-line/install/drone_assembly_cell/lib/libdrone_assembly_cell__rosidl_generator_py.so" to ""
-- Installing: /home/nadslab/ros2_ws/src/drone-assembly-line/install/drone_assembly_cell/share/drone_assembly_cell/cmake/export_drone_assembly_cell__rosidl_generator_cExport.cmake
-- Installing: /home/nadslab/ros2_ws/src/drone-assembly-line/install/drone_assembly_cell/share/drone_assembly_cell/cmake/export_drone_assembly_cell__rosidl_generator_cExport-noconfig.cmake
-- Installing: /home/nadslab/ros2_ws/src/drone-assembly-line/install/drone_assembly_cell/share/drone_assembly_cell/cmake/export_drone_assembly_cell__rosidl_typesupport_fastrtps_cExport.cmake
-- Installing: /home/nadslab/ros2_ws/src/drone-assembly-line/install/drone_assembly_cell/share/drone_assembly_cell/cmake/export_drone_assembly_cell__rosidl_typesupport_fastrtps_cExport-noconfig.cmake
-- Installing: /home/nadslab/ros2_ws/src/drone-assembly-line/install/drone_assembly_cell/share/drone_assembly_cell/cmake/drone_assembly_cell__rosidl_typesupport_introspection_cExport.cmake
-- Installing: /home/nadslab/ros2_ws/src/drone-assembly-line/install/drone_assembly_cell/share/drone_assembly_cell/cmake/drone_assembly_cell__rosidl_typesupport_introspection_cExport-noconfig.cmake
-- Installing: /home/nadslab/ros2_ws/src/drone-assembly-line/install/drone_assembly_cell/share/drone_assembly_cell/cmake/drone_assembly_cell__rosidl_typesupport_cExport.cmake
-- Installing: /home/nadslab/ros2_ws/src/drone-assembly-line/install/drone_assembly_cell/share/drone_assembly_cell/cmake/drone_assembly_cell__rosidl_typesupport_cExport-noconfig.cmake
-- Installing: /home/nadslab/ros2_ws/src/drone-assembly-line/install/drone_assembly_cell/share/drone_assembly_cell/cmake/export_drone_assembly_cell__rosidl_generator_cppExport.cmake
-- Installing: /home/nadslab/ros2_ws/src/drone-assembly-line/install/drone_assembly_cell/share/drone_assembly_cell/cmake/export_drone_assembly_cell__rosidl_typesupport_fastrtps_cppExport.cmake
-- Installing: /home/nadslab/ros2_ws/src/drone-assembly-line/install/drone_assembly_cell/share/drone_assembly_cell/cmake/export_drone_assembly_cell__rosidl_typesupport_fastrtps_cppExport-noconfig.cmake
-- Installing: /home/nadslab/ros2_ws/src/drone-assembly-line/install/drone_assembly_cell/share/drone_assembly_cell/cmake/drone_assembly_cell__rosidl_typesupport_introspection_cppExport.cmake
-- Installing: /home/nadslab/ros2_ws/src/drone-assembly-line/install/drone_assembly_cell/share/drone_assembly_cell/cmake/drone_assembly_cell__rosidl_typesupport_introspection_cppExport-noconfig.cmake
-- Installing: /home/nadslab/ros2_ws/src/drone-assembly-line/install/drone_assembly_cell/share/drone_assembly_cell/cmake/drone_assembly_cell__rosidl_typesupport_cppExport.cmake
-- Installing: /home/nadslab/ros2_ws/src/drone-assembly-line/install/drone_assembly_cell/share/drone_assembly_cell/cmake/drone_assembly_cell__rosidl_typesupport_cppExport-noconfig.cmake
-- Installing: /home/nadslab/ros2_ws/src/drone-assembly-line/install/drone_assembly_cell/share/drone_assembly_cell/cmake/export_drone_assembly_cell__rosidl_generator_pyExport.cmake
-- Installing: /home/nadslab/ros2_ws/src/drone-assembly-line/install/drone_assembly_cell/share/drone_assembly_cell/cmake/export_drone_assembly_cell__rosidl_generator_pyExport-noconfig.cmake
